#! /c/Source/iverilog-install/bin/vvp
:ivl_version "12.0 (devel)" "(s20150603-1539-g2693dd32b)";
:ivl_delay_selection "TYPICAL";
:vpi_time_precision - 12;
:vpi_module "C:\iverilog\lib\ivl\system.vpi";
:vpi_module "C:\iverilog\lib\ivl\vhdl_sys.vpi";
:vpi_module "C:\iverilog\lib\ivl\vhdl_textio.vpi";
:vpi_module "C:\iverilog\lib\ivl\v2005_math.vpi";
:vpi_module "C:\iverilog\lib\ivl\va_math.vpi";
S_00000207ac8b4850 .scope module, "ext_clock" "ext_clock" 2 1;
 .timescale -9 -12;
    .port_info 0 /INPUT 1 "clock";
    .port_info 1 /INPUT 1 "reset";
    .port_info 2 /INPUT 1 "enable";
    .port_info 3 /OUTPUT 1 "ext_clk";
P_00000207ac8ca0e0 .param/l "CYCLES" 0 2 7, +C4<00000000000000000000000000000100>;
o00000207ac900088 .functor BUFZ 1, C4<z>; HiZ drive
v00000207ac8de9d0_0 .net "clock", 0 0, o00000207ac900088;  0 drivers
v00000207ac8df010_0 .var "count", 3 0;
o00000207ac9000e8 .functor BUFZ 1, C4<z>; HiZ drive
v00000207ac8de430_0 .net "enable", 0 0, o00000207ac9000e8;  0 drivers
v00000207ac8debb0_0 .var "ext_clk", 0 0;
o00000207ac900148 .functor BUFZ 1, C4<z>; HiZ drive
v00000207ac8dec50_0 .net "reset", 0 0, o00000207ac900148;  0 drivers
E_00000207ac8ca920 .event posedge, v00000207ac8dec50_0, v00000207ac8de9d0_0;
S_00000207ac89cb00 .scope module, "testbench" "testbench" 3 3;
 .timescale -9 -12;
P_00000207ac8ca8a0 .param/l "TIME" 1 3 11, +C4<00000000000000000001000011110100>;
v00000207ac93df10_0 .net "TXD_write", 0 0, v00000207ac93ced0_0;  1 drivers
v00000207ac93d970_0 .net "clk", 0 0, v00000207ac93d1f0_0;  1 drivers
v00000207ac93dc90_0 .net "connect", 0 0, v00000207ac93c570_0;  1 drivers
v00000207ac93dd30_0 .var "reset", 0 0;
S_00000207ac89cc90 .scope module, "T" "topModule" 3 13, 4 10 0, S_00000207ac89cb00;
 .timescale -9 -12;
    .port_info 0 /INPUT 1 "receiveData";
    .port_info 1 /INPUT 1 "clk";
    .port_info 2 /INPUT 1 "reset";
    .port_info 3 /OUTPUT 1 "transmitData";
v00000207ac93ca70_0 .net "DX_HIGHEST", 15 0, v00000207ac939d10_0;  1 drivers
v00000207ac93c430_0 .net "DX_HITOUT", 15 0, v00000207ac938910_0;  1 drivers
v00000207ac93c890_0 .net "DX_LOWEST", 15 0, v00000207ac938c30_0;  1 drivers
v00000207ac93d790_0 .net "DX_flashout", 0 0, v00000207ac939c70_0;  1 drivers
v00000207ac93c390_0 .net "RDX_InfoPulse", 7 0, v00000207ac93b1e0_0;  1 drivers
v00000207ac93c6b0_0 .net "RDX_infotime", 0 0, v00000207ac93ac40_0;  1 drivers
v00000207ac93c250_0 .net "clk", 0 0, v00000207ac93d1f0_0;  alias, 1 drivers
v00000207ac93c610_0 .net "receiveData", 0 0, v00000207ac93c570_0;  alias, 1 drivers
v00000207ac93d0b0_0 .net "reset", 0 0, v00000207ac93dd30_0;  1 drivers
v00000207ac93cd90_0 .net "transmitData", 0 0, v00000207ac93ced0_0;  alias, 1 drivers
L_00000207ac997f10 .concat [ 16 16 16 0], v00000207ac938910_0, v00000207ac939d10_0, v00000207ac938c30_0;
S_00000207ac854ba0 .scope module, "D0" "distanceProcess" 4 28, 5 4 0, S_00000207ac89cc90;
 .timescale -9 -12;
    .port_info 0 /INPUT 1 "clock";
    .port_info 1 /INPUT 8 "datain";
    .port_info 2 /INPUT 1 "flashin";
    .port_info 3 /INPUT 1 "reset";
    .port_info 4 /OUTPUT 16 "lowest";
    .port_info 5 /OUTPUT 16 "highest";
    .port_info 6 /OUTPUT 16 "hitvector";
    .port_info 7 /OUTPUT 1 "flashout";
P_00000207ac854d30 .param/l "DATA" 1 5 48, C4<0111>;
P_00000207ac854d68 .param/l "DIST" 1 5 52, C4<1011>;
P_00000207ac854da0 .param/l "DIVD" 1 5 51, C4<1010>;
P_00000207ac854dd8 .param/l "FSA1" 1 5 44, C4<0010>;
P_00000207ac854e10 .param/l "FSA2" 1 5 45, C4<0011>;
P_00000207ac854e48 .param/l "HIGA" 1 5 50, C4<1001>;
P_00000207ac854e80 .param/l "IDLE" 1 5 42, C4<0000>;
P_00000207ac854eb8 .param/l "LOWA" 1 5 49, C4<1000>;
P_00000207ac854ef0 .param/l "LSA1" 1 5 46, C4<0100>;
P_00000207ac854f28 .param/l "LSA2" 1 5 47, C4<0101>;
P_00000207ac854f60 .param/l "L_IN" 1 5 43, C4<0001>;
v00000207ac8bfc90_0 .var "FSA", 15 0;
v00000207ac8bf970_0 .var "LSA", 15 0;
v00000207ac8bffb0_0 .net *"_ivl_0", 23 0, L_00000207ac93d010;  1 drivers
L_00000207ac93f178 .functor BUFT 1, C4<0000000000000000>, C4<0>, C4<0>, C4<0>;
v00000207ac939090_0 .net *"_ivl_11", 15 0, L_00000207ac93f178;  1 drivers
v00000207ac938eb0_0 .net *"_ivl_12", 23 0, L_00000207ac93d3d0;  1 drivers
L_00000207ac93f1c0 .functor BUFT 1, C4<000000000000000000000001>, C4<0>, C4<0>, C4<0>;
v00000207ac939130_0 .net/2u *"_ivl_14", 23 0, L_00000207ac93f1c0;  1 drivers
v00000207ac938230_0 .net *"_ivl_16", 23 0, L_00000207ac93d470;  1 drivers
v00000207ac939a90_0 .net *"_ivl_19", 23 0, L_00000207ac93d650;  1 drivers
v00000207ac938190_0 .net *"_ivl_20", 23 0, L_00000207ac93db50;  1 drivers
L_00000207ac93f208 .functor BUFT 1, C4<00000000>, C4<0>, C4<0>, C4<0>;
v00000207ac9382d0_0 .net *"_ivl_23", 7 0, L_00000207ac93f208;  1 drivers
v00000207ac9391d0_0 .net *"_ivl_24", 23 0, L_00000207ac93c1b0;  1 drivers
L_00000207ac93f250 .functor BUFT 1, C4<0000000000000000>, C4<0>, C4<0>, C4<0>;
v00000207ac9398b0_0 .net *"_ivl_27", 15 0, L_00000207ac93f250;  1 drivers
v00000207ac938ff0_0 .net *"_ivl_29", 23 0, L_00000207ac93dfb0;  1 drivers
L_00000207ac93f0e8 .functor BUFT 1, C4<00000000>, C4<0>, C4<0>, C4<0>;
v00000207ac938af0_0 .net *"_ivl_3", 7 0, L_00000207ac93f0e8;  1 drivers
v00000207ac939db0_0 .net *"_ivl_32", 23 0, L_00000207ac93c110;  1 drivers
L_00000207ac93f298 .functor BUFT 1, C4<00000000>, C4<0>, C4<0>, C4<0>;
v00000207ac939450_0 .net *"_ivl_35", 7 0, L_00000207ac93f298;  1 drivers
v00000207ac938690_0 .net *"_ivl_36", 23 0, L_00000207ac93c930;  1 drivers
L_00000207ac93f2e0 .functor BUFT 1, C4<0000000000000000>, C4<0>, C4<0>, C4<0>;
v00000207ac938f50_0 .net *"_ivl_39", 15 0, L_00000207ac93f2e0;  1 drivers
v00000207ac9380f0_0 .net *"_ivl_4", 23 0, L_00000207ac93de70;  1 drivers
v00000207ac939270_0 .net *"_ivl_40", 23 0, L_00000207ac93c7f0;  1 drivers
L_00000207ac93f328 .functor BUFT 1, C4<0000000000000000>, C4<0>, C4<0>, C4<0>;
v00000207ac939310_0 .net *"_ivl_43", 15 0, L_00000207ac93f328;  1 drivers
v00000207ac938cd0_0 .net *"_ivl_44", 23 0, L_00000207ac998a50;  1 drivers
L_00000207ac93f370 .functor BUFT 1, C4<000000000000000000000001>, C4<0>, C4<0>, C4<0>;
v00000207ac9387d0_0 .net/2u *"_ivl_46", 23 0, L_00000207ac93f370;  1 drivers
v00000207ac939630_0 .net *"_ivl_48", 23 0, L_00000207ac998410;  1 drivers
v00000207ac9385f0_0 .net *"_ivl_51", 23 0, L_00000207ac998e10;  1 drivers
v00000207ac938370_0 .net *"_ivl_52", 23 0, L_00000207ac997d30;  1 drivers
L_00000207ac93f3b8 .functor BUFT 1, C4<00000000>, C4<0>, C4<0>, C4<0>;
v00000207ac939950_0 .net *"_ivl_55", 7 0, L_00000207ac93f3b8;  1 drivers
v00000207ac938410_0 .net *"_ivl_56", 23 0, L_00000207ac997ab0;  1 drivers
L_00000207ac93f400 .functor BUFT 1, C4<0000000000000000>, C4<0>, C4<0>, C4<0>;
v00000207ac938d70_0 .net *"_ivl_59", 15 0, L_00000207ac93f400;  1 drivers
v00000207ac939f90_0 .net *"_ivl_61", 23 0, L_00000207ac9976f0;  1 drivers
L_00000207ac93f448 .functor BUFT 1, C4<00000001>, C4<0>, C4<0>, C4<0>;
v00000207ac938e10_0 .net/2u *"_ivl_64", 7 0, L_00000207ac93f448;  1 drivers
L_00000207ac93f490 .functor BUFT 1, C4<00000001>, C4<0>, C4<0>, C4<0>;
v00000207ac9393b0_0 .net/2u *"_ivl_68", 7 0, L_00000207ac93f490;  1 drivers
L_00000207ac93f130 .functor BUFT 1, C4<0000000000000000>, C4<0>, C4<0>, C4<0>;
v00000207ac9384b0_0 .net *"_ivl_7", 15 0, L_00000207ac93f130;  1 drivers
v00000207ac9396d0_0 .net *"_ivl_8", 23 0, L_00000207ac93ce30;  1 drivers
v00000207ac938730_0 .net "clock", 0 0, v00000207ac93d1f0_0;  alias, 1 drivers
v00000207ac9394f0_0 .var "counter", 7 0;
v00000207ac939590 .array "data", 0 255, 15 0;
v00000207ac939770_0 .net "datain", 7 0, v00000207ac93b1e0_0;  alias, 1 drivers
v00000207ac939810_0 .var "datastate", 8 0;
v00000207ac938550_0 .net "div_res1", 0 0, v00000207ac8de250_0;  1 drivers
v00000207ac9399f0_0 .net "div_res2", 0 0, v00000207ac8de610_0;  1 drivers
v00000207ac939b30_0 .var "execstate", 3 0;
v00000207ac939bd0_0 .net "flashin", 0 0, v00000207ac93ac40_0;  alias, 1 drivers
v00000207ac939c70_0 .var "flashout", 0 0;
v00000207ac939d10_0 .var "highest", 15 0;
v00000207ac939e50_0 .net "highest_out", 15 0, v00000207ac8def70_0;  1 drivers
v00000207ac938870_0 .var "highestcount", 7 0;
v00000207ac938910_0 .var "hitvector", 15 0;
v00000207ac939ef0_0 .var/i "i", 31 0;
v00000207ac9389b0_0 .var "ignore_adress", 2 0;
v00000207ac938a50_0 .var "length", 7 0;
v00000207ac938b90_0 .var "lengthcopy", 8 0;
v00000207ac938c30_0 .var "lowest", 15 0;
v00000207ac93b140_0 .net "lowest_out", 15 0, v00000207ac8de930_0;  1 drivers
v00000207ac93ace0_0 .var "lowestcount", 7 0;
v00000207ac93ad80_0 .net "multipliedval1", 23 0, L_00000207ac93c750;  1 drivers
v00000207ac93b280_0 .net "multipliedval2", 23 0, L_00000207ac997a10;  1 drivers
v00000207ac93ab00_0 .net "reset", 0 0, v00000207ac93dd30_0;  alias, 1 drivers
v00000207ac93ae20_0 .var "trig_div", 0 0;
v00000207ac93bf00_0 .var "trimmed_length", 3 0;
L_00000207ac93d010 .concat [ 16 8 0 0], v00000207ac8bfc90_0, L_00000207ac93f0e8;
L_00000207ac93de70 .concat [ 8 16 0 0], v00000207ac938a50_0, L_00000207ac93f130;
L_00000207ac93ce30 .concat [ 8 16 0 0], v00000207ac93ace0_0, L_00000207ac93f178;
L_00000207ac93d3d0 .arith/sub 24, L_00000207ac93de70, L_00000207ac93ce30;
L_00000207ac93d470 .arith/sub 24, L_00000207ac93d3d0, L_00000207ac93f1c0;
L_00000207ac93d650 .arith/mult 24, L_00000207ac93d010, L_00000207ac93d470;
L_00000207ac93db50 .concat [ 16 8 0 0], v00000207ac8bf970_0, L_00000207ac93f208;
L_00000207ac93c1b0 .concat [ 8 16 0 0], v00000207ac93ace0_0, L_00000207ac93f250;
L_00000207ac93dfb0 .arith/mult 24, L_00000207ac93db50, L_00000207ac93c1b0;
L_00000207ac93c750 .arith/sum 24, L_00000207ac93d650, L_00000207ac93dfb0;
L_00000207ac93c110 .concat [ 16 8 0 0], v00000207ac8bfc90_0, L_00000207ac93f298;
L_00000207ac93c930 .concat [ 8 16 0 0], v00000207ac938a50_0, L_00000207ac93f2e0;
L_00000207ac93c7f0 .concat [ 8 16 0 0], v00000207ac938870_0, L_00000207ac93f328;
L_00000207ac998a50 .arith/sub 24, L_00000207ac93c930, L_00000207ac93c7f0;
L_00000207ac998410 .arith/sub 24, L_00000207ac998a50, L_00000207ac93f370;
L_00000207ac998e10 .arith/mult 24, L_00000207ac93c110, L_00000207ac998410;
L_00000207ac997d30 .concat [ 16 8 0 0], v00000207ac8bf970_0, L_00000207ac93f3b8;
L_00000207ac997ab0 .concat [ 8 16 0 0], v00000207ac938870_0, L_00000207ac93f400;
L_00000207ac9976f0 .arith/mult 24, L_00000207ac997d30, L_00000207ac997ab0;
L_00000207ac997a10 .arith/sum 24, L_00000207ac998e10, L_00000207ac9976f0;
L_00000207ac997830 .arith/sub 8, v00000207ac938a50_0, L_00000207ac93f448;
L_00000207ac998cd0 .arith/sub 8, v00000207ac938a50_0, L_00000207ac93f490;
S_00000207ac89d6c0 .scope module, "divider1" "div" 5 37, 6 2 0, S_00000207ac854ba0;
 .timescale -9 -12;
    .port_info 0 /INPUT 24 "big";
    .port_info 1 /INPUT 8 "smal";
    .port_info 2 /INPUT 1 "flash_inp";
    .port_info 3 /INPUT 1 "clk";
    .port_info 4 /INPUT 1 "reset";
    .port_info 5 /OUTPUT 16 "lessbig";
    .port_info 6 /OUTPUT 1 "flash";
P_00000207ac8b3670 .param/l "FLAG" 1 6 10, C4<010>;
P_00000207ac8b36a8 .param/l "IDLE" 1 6 10, C4<000>;
P_00000207ac8b36e0 .param/l "IVAL" 1 6 10, C4<001>;
v00000207ac8de4d0_0 .net "big", 23 0, L_00000207ac93c750;  alias, 1 drivers
v00000207ac8de890_0 .var "biginp", 23 0;
v00000207ac8dea70_0 .net "clk", 0 0, v00000207ac93d1f0_0;  alias, 1 drivers
v00000207ac8de750_0 .var "counter", 3 0;
v00000207ac8de250_0 .var "flash", 0 0;
v00000207ac8de7f0_0 .net "flash_inp", 0 0, v00000207ac93ae20_0;  1 drivers
v00000207ac8de930_0 .var "lessbig", 15 0;
v00000207ac8deed0_0 .net "reset", 0 0, v00000207ac93dd30_0;  alias, 1 drivers
v00000207ac8deb10_0 .net "smal", 7 0, L_00000207ac997830;  1 drivers
v00000207ac8df150_0 .var "smallinp", 7 0;
v00000207ac8de570_0 .var "state", 2 0;
E_00000207ac8c9b60 .event posedge, v00000207ac8dea70_0;
S_00000207ac89d850 .scope module, "divider2" "div" 5 38, 6 2 0, S_00000207ac854ba0;
 .timescale -9 -12;
    .port_info 0 /INPUT 24 "big";
    .port_info 1 /INPUT 8 "smal";
    .port_info 2 /INPUT 1 "flash_inp";
    .port_info 3 /INPUT 1 "clk";
    .port_info 4 /INPUT 1 "reset";
    .port_info 5 /OUTPUT 16 "lessbig";
    .port_info 6 /OUTPUT 1 "flash";
P_00000207ac8b46b0 .param/l "FLAG" 1 6 10, C4<010>;
P_00000207ac8b46e8 .param/l "IDLE" 1 6 10, C4<000>;
P_00000207ac8b4720 .param/l "IVAL" 1 6 10, C4<001>;
v00000207ac8decf0_0 .net "big", 23 0, L_00000207ac997a10;  alias, 1 drivers
v00000207ac8de2f0_0 .var "biginp", 23 0;
v00000207ac8ded90_0 .net "clk", 0 0, v00000207ac93d1f0_0;  alias, 1 drivers
v00000207ac8dee30_0 .var "counter", 3 0;
v00000207ac8de610_0 .var "flash", 0 0;
v00000207ac8de6b0_0 .net "flash_inp", 0 0, v00000207ac93ae20_0;  alias, 1 drivers
v00000207ac8def70_0 .var "lessbig", 15 0;
v00000207ac8de390_0 .net "reset", 0 0, v00000207ac93dd30_0;  alias, 1 drivers
v00000207ac8c00f0_0 .net "smal", 7 0, L_00000207ac998cd0;  1 drivers
v00000207ac8c02d0_0 .var "smallinp", 7 0;
v00000207ac8c0870_0 .var "state", 2 0;
S_00000207ac84f990 .scope module, "R0" "RxD" 4 22, 7 2 0, S_00000207ac89cc90;
 .timescale -9 -12;
    .port_info 0 /INPUT 1 "stream";
    .port_info 1 /INPUT 1 "clock";
    .port_info 2 /INPUT 1 "reset";
    .port_info 3 /OUTPUT 8 "outstream";
    .port_info 4 /OUTPUT 1 "infodump";
L_00000207ac8c7660 .functor NOT 1, v00000207ac93b460_0, C4<0>, C4<0>, C4<0>;
v00000207ac93a560_0 .var "MEMA", 7 0;
v00000207ac93b0a0_0 .var "MEMB", 7 0;
v00000207ac93bfa0_0 .net "buffer_out", 7 0, v00000207ac93b000_0;  1 drivers
v00000207ac93a6a0_0 .net "clock", 0 0, v00000207ac93d1f0_0;  alias, 1 drivers
v00000207ac93a740_0 .net "clock_out", 0 0, v00000207ac93bb40_0;  1 drivers
v00000207ac93b460_0 .var "clock_trig", 0 0;
v00000207ac93aba0_0 .net "half_done", 0 0, v00000207ac93a920_0;  1 drivers
v00000207ac93b500_0 .var "info_pulse", 0 0;
v00000207ac93ac40_0 .var "infodump", 0 0;
v00000207ac93b1e0_0 .var "outstream", 7 0;
v00000207ac93b320_0 .net "reset", 0 0, v00000207ac93dd30_0;  alias, 1 drivers
v00000207ac93b5a0_0 .var "state", 2 0;
v00000207ac93b780_0 .net "stream", 0 0, v00000207ac93c570_0;  alias, 1 drivers
v00000207ac93b640_0 .var "trig_clock", 0 0;
v00000207ac93b6e0_0 .var "trig_half", 0 0;
v00000207ac93b960_0 .net "uart_clock_out", 0 0, v00000207ac93b3c0_0;  1 drivers
S_00000207ac84a9a0 .scope module, "BC" "counter" 7 26, 8 22 0, S_00000207ac84f990;
 .timescale -9 -12;
    .port_info 0 /INPUT 1 "clk";
    .port_info 1 /INPUT 1 "trueclk";
    .port_info 2 /INPUT 1 "trigger";
    .port_info 3 /INPUT 1 "reset";
    .port_info 4 /OUTPUT 1 "trig";
P_00000207ac8ca960 .param/l "size" 0 8 22, +C4<00000000000000000000000000000011>;
L_00000207ac8c6b00 .functor AND 1, v00000207ac93d1f0_0, v00000207ac93dd30_0, C4<1>, C4<1>;
v00000207ac93a880_0 .net *"_ivl_2", 0 0, L_00000207ac8c6b00;  1 drivers
v00000207ac93a9c0_0 .net "clk", 0 0, v00000207ac93b3c0_0;  alias, 1 drivers
v00000207ac93a380_0 .net "reset", 0 0, v00000207ac93dd30_0;  alias, 1 drivers
v00000207ac93a2e0_0 .var "store", 2 0;
v00000207ac93bb40_0 .var "trig", 0 0;
v00000207ac93bc80_0 .net "trigger", 0 0, v00000207ac93b460_0;  1 drivers
v00000207ac93bbe0_0 .net "trueclk", 0 0, v00000207ac93d1f0_0;  alias, 1 drivers
E_00000207ac8c99e0 .event posedge, v00000207ac93a9c0_0;
E_00000207ac8c9be0 .event posedge, L_00000207ac8c6b00;
S_00000207ac84ab30 .scope module, "buffer" "shiftreg" 7 25, 8 1 0, S_00000207ac84f990;
 .timescale -9 -12;
    .port_info 0 /INPUT 1 "stream";
    .port_info 1 /INPUT 1 "clk";
    .port_info 2 /INPUT 1 "trueclk";
    .port_info 3 /INPUT 1 "latch";
    .port_info 4 /INPUT 1 "reset";
    .port_info 5 /OUTPUT 8 "out";
P_00000207ac8c9ce0 .param/l "MSB" 0 8 1, +C4<00000000000000000000000000001000>;
L_00000207ac8c7510 .functor AND 1, v00000207ac93d1f0_0, v00000207ac93dd30_0, C4<1>, C4<1>;
v00000207ac93a600_0 .net *"_ivl_2", 0 0, L_00000207ac8c7510;  1 drivers
v00000207ac93af60_0 .net "clk", 0 0, v00000207ac93b3c0_0;  alias, 1 drivers
v00000207ac93a7e0_0 .net "latch", 0 0, L_00000207ac8c7660;  1 drivers
v00000207ac93b000_0 .var "out", 7 0;
v00000207ac93a240_0 .net "reset", 0 0, v00000207ac93dd30_0;  alias, 1 drivers
v00000207ac93bd20_0 .net "stream", 0 0, v00000207ac93c570_0;  alias, 1 drivers
v00000207ac93bdc0_0 .net "trueclk", 0 0, v00000207ac93d1f0_0;  alias, 1 drivers
E_00000207ac8c9ea0 .event posedge, L_00000207ac8c7510;
S_00000207ac878b90 .scope module, "halfclock" "timed_pulse" 7 23, 2 52 0, S_00000207ac84f990;
 .timescale -9 -12;
    .port_info 0 /INPUT 1 "clock";
    .port_info 1 /INPUT 1 "reset";
    .port_info 2 /INPUT 1 "enable";
    .port_info 3 /OUTPUT 1 "timed_pulse";
P_00000207ac8c9c20 .param/l "CYCLE" 0 2 58, +C4<0000000000000000000000000000000000000000000000000000010100010110>;
v00000207ac93a420_0 .net "clock", 0 0, v00000207ac93d1f0_0;  alias, 1 drivers
v00000207ac93b8c0_0 .var "count", 23 0;
v00000207ac93be60_0 .net "enable", 0 0, v00000207ac93b6e0_0;  1 drivers
v00000207ac93a4c0_0 .net "reset", 0 0, v00000207ac93dd30_0;  alias, 1 drivers
v00000207ac93b820_0 .var "state", 0 0;
v00000207ac93a920_0 .var "timed_pulse", 0 0;
E_00000207ac8c9d20 .event posedge, v00000207ac8deed0_0, v00000207ac8dea70_0;
S_00000207ac878d20 .scope module, "uartclock" "main_clock" 7 22, 2 26 0, S_00000207ac84f990;
 .timescale -9 -12;
    .port_info 0 /INPUT 1 "clock";
    .port_info 1 /INPUT 1 "reset";
    .port_info 2 /INPUT 1 "enable";
    .port_info 3 /OUTPUT 1 "main_clk";
P_00000207ac8c9e20 .param/l "CYCLE" 0 2 32, +C4<00000000000000000000000110110010>;
v00000207ac93a1a0_0 .net "clock", 0 0, v00000207ac93d1f0_0;  alias, 1 drivers
v00000207ac93a100_0 .var "count", 23 0;
v00000207ac93aa60_0 .net "enable", 0 0, v00000207ac93b640_0;  1 drivers
v00000207ac93b3c0_0 .var "main_clk", 0 0;
v00000207ac93aec0_0 .net "reset", 0 0, v00000207ac93dd30_0;  alias, 1 drivers
S_00000207ac8820f0 .scope module, "T0" "TxD" 4 30, 9 5 0, S_00000207ac89cc90;
 .timescale -9 -12;
    .port_info 0 /INPUT 1 "clock";
    .port_info 1 /INPUT 1 "reset";
    .port_info 2 /INPUT 16 "lidar_header";
    .port_info 3 /INPUT 48 "data";
    .port_info 4 /INPUT 1 "flashin";
    .port_info 5 /OUTPUT 1 "transmitData";
v00000207ac93d6f0_0 .net "clock", 0 0, v00000207ac93d1f0_0;  alias, 1 drivers
v00000207ac93d150_0 .var "count", 6 0;
v00000207ac93ccf0_0 .net "data", 47 0, L_00000207ac997f10;  1 drivers
v00000207ac93cc50_0 .var "enbclk", 0 0;
v00000207ac93d290_0 .net "flashin", 0 0, v00000207ac939c70_0;  alias, 1 drivers
v00000207ac93cb10_0 .var "headout", 15 0;
L_00000207ac93f4d8 .functor BUFT 1, C4<0101010110101010>, C4<0>, C4<0>, C4<0>;
v00000207ac93c9d0_0 .net "lidar_header", 15 0, L_00000207ac93f4d8;  1 drivers
v00000207ac93d830_0 .net "main_clk", 0 0, v00000207ac93d510_0;  1 drivers
v00000207ac93d5b0_0 .var "regout", 47 0;
v00000207ac93da10_0 .net "reset", 0 0, v00000207ac93dd30_0;  alias, 1 drivers
v00000207ac93ddd0_0 .var "state", 1 0;
v00000207ac93ced0_0 .var "transmitData", 0 0;
E_00000207ac8c9ee0 .event posedge, v00000207ac8deed0_0, v00000207ac93d510_0;
S_00000207ac882280 .scope module, "mainclk" "main_clock" 9 25, 2 26 0, S_00000207ac8820f0;
 .timescale -9 -12;
    .port_info 0 /INPUT 1 "clock";
    .port_info 1 /INPUT 1 "reset";
    .port_info 2 /INPUT 1 "enable";
    .port_info 3 /OUTPUT 1 "main_clk";
P_00000207ac8c9f20 .param/l "CYCLE" 0 2 32, +C4<00000000000000000000000110110010>;
v00000207ac93ba00_0 .net "clock", 0 0, v00000207ac93d1f0_0;  alias, 1 drivers
v00000207ac93baa0_0 .var "count", 23 0;
v00000207ac93c4d0_0 .net "enable", 0 0, v00000207ac93cc50_0;  1 drivers
v00000207ac93d510_0 .var "main_clk", 0 0;
v00000207ac93cbb0_0 .net "reset", 0 0, v00000207ac93dd30_0;  alias, 1 drivers
S_00000207ac85d900 .scope module, "clockkk" "masterclock" 3 7, 3 27 0, S_00000207ac89cb00;
 .timescale -9 -12;
    .port_info 0 /OUTPUT 1 "out";
P_00000207ac8c9fa0 .param/l "TIME" 1 3 28, +C4<00000000000000000001000011110100>;
v00000207ac93d1f0_0 .var "out", 0 0;
S_00000207ac85da90 .scope module, "sig" "siggen" 3 10, 3 37 0, S_00000207ac89cb00;
 .timescale -9 -12;
    .port_info 0 /OUTPUT 1 "out";
P_00000207ac8ca120 .param/l "TIME" 1 3 38, +C4<00000000000000000001000011110100>;
v00000207ac93dab0_0 .var/i "i", 31 0;
v00000207ac93c570_0 .var "out", 0 0;
v00000207ac93cf70_0 .var "reg1", 15 0;
v00000207ac93d330_0 .var "test1", 103 0;
v00000207ac93c2f0_0 .var "test2", 359 0;
v00000207ac93d8d0_0 .var "test3", 857 0;
v00000207ac93dbf0_0 .var "testmain", 567 0;
    .scope S_00000207ac8b4850;
T_0 ;
    %pushi/vec4 0, 0, 4;
    %store/vec4 v00000207ac8df010_0, 0, 4;
    %end;
    .thread T_0;
    .scope S_00000207ac8b4850;
T_1 ;
    %wait E_00000207ac8ca920;
    %load/vec4 v00000207ac8dec50_0;
    %flag_set/vec4 8;
    %jmp/1 T_1.2, 8;
    %load/vec4 v00000207ac8de430_0;
    %nor/r;
    %flag_set/vec4 9;
    %flag_or 8, 9;
T_1.2;
    %jmp/0xz  T_1.0, 8;
    %pushi/vec4 0, 0, 4;
    %assign/vec4 v00000207ac8df010_0, 0;
    %pushi/vec4 0, 0, 1;
    %assign/vec4 v00000207ac8debb0_0, 0;
    %jmp T_1.1;
T_1.0 ;
    %load/vec4 v00000207ac8df010_0;
    %pad/u 32;
    %cmpi/u 0, 0, 32;
    %flag_or 5, 4; GT is !LE
    %flag_inv 5;
    %jmp/0xz  T_1.3, 5;
    %load/vec4 v00000207ac8df010_0;
    %subi 1, 0, 4;
    %assign/vec4 v00000207ac8df010_0, 0;
    %jmp T_1.4;
T_1.3 ;
    %load/vec4 v00000207ac8df010_0;
    %pad/u 32;
    %cmpi/e 0, 0, 32;
    %jmp/0xz  T_1.5, 4;
    %load/vec4 v00000207ac8debb0_0;
    %inv;
    %assign/vec4 v00000207ac8debb0_0, 0;
    %pushi/vec4 3, 0, 4;
    %assign/vec4 v00000207ac8df010_0, 0;
T_1.5 ;
T_1.4 ;
T_1.1 ;
    %jmp T_1;
    .thread T_1;
    .scope S_00000207ac85d900;
T_2 ;
    %pushi/vec4 0, 0, 1;
    %store/vec4 v00000207ac93d1f0_0, 0, 1;
    %end;
    .thread T_2;
    .scope S_00000207ac85d900;
T_3 ;
    %delay 5000, 0;
    %load/vec4 v00000207ac93d1f0_0;
    %nor/r;
    %assign/vec4 v00000207ac93d1f0_0, 0;
    %jmp T_3;
    .thread T_3;
    .scope S_00000207ac85da90;
T_4 ;
    %pushi/vec4 21930, 0, 16;
    %store/vec4 v00000207ac93cf70_0, 0, 16;
    %pushi/vec4 4035594016, 0, 33;
    %concati/vec4 4030997403, 0, 32;
    %concati/vec4 2926741484, 0, 33;
    %concati/vec4 4, 0, 6;
    %store/vec4 v00000207ac93d330_0, 0, 104;
    %pushi/vec4 2343080353, 0, 35;
    %concati/vec4 2223260740, 0, 47;
    %concati/vec4 4205910714, 0, 34;
    %concati/vec4 3167818289, 0, 32;
    %concati/vec4 2365637632, 0, 34;
    %concati/vec4 2789261314, 0, 32;
    %concati/vec4 2938809000, 0, 32;
    %concati/vec4 3154160384, 0, 34;
    %concati/vec4 3758169973, 0, 37;
    %concati/vec4 2791448578, 0, 32;
    %concati/vec4 276, 0, 11;
    %store/vec4 v00000207ac93c2f0_0, 0, 360;
    %pushi/vec4 2395140808, 0, 35;
    %concati/vec4 3269738626, 0, 32;
    %concati/vec4 3337147116, 0, 32;
    %concati/vec4 3270036060, 0, 32;
    %concati/vec4 2166195685, 0, 33;
    %concati/vec4 2441463937, 0, 32;
    %concati/vec4 3449141709, 0, 32;
    %concati/vec4 2491516341, 0, 32;
    %concati/vec4 3183058049, 0, 32;
    %concati/vec4 3586963640, 0, 32;
    %concati/vec4 3099099425, 0, 32;
    %concati/vec4 3184558493, 0, 32;
    %concati/vec4 2246429825, 0, 32;
    %concati/vec4 3113584072, 0, 32;
    %concati/vec4 2179317204, 0, 32;
    %concati/vec4 3095518629, 0, 32;
    %concati/vec4 3517031864, 0, 32;
    %concati/vec4 2160376020, 0, 32;
    %concati/vec4 2167256248, 0, 32;
    %concati/vec4 2176423301, 0, 32;
    %concati/vec4 3382037968, 0, 32;
    %concati/vec4 2174584292, 0, 32;
    %concati/vec4 2173030528, 0, 32;
    %concati/vec4 3705438609, 0, 32;
    %concati/vec4 2510145941, 0, 32;
    %concati/vec4 2513348608, 0, 32;
    %concati/vec4 1114163, 0, 22;
    %store/vec4 v00000207ac93d8d0_0, 0, 858;
    %pushi/vec4 2279186478, 0, 34;
    %concati/vec4 3797086224, 0, 32;
    %concati/vec4 2743744454, 0, 32;
    %concati/vec4 2899888134, 0, 32;
    %concati/vec4 3067949934, 0, 32;
    %concati/vec4 3364034492, 0, 35;
    %concati/vec4 3485360167, 0, 32;
    %concati/vec4 3368239212, 0, 33;
    %concati/vec4 2149941309, 0, 32;
    %concati/vec4 3117328770, 0, 32;
    %concati/vec4 3237691570, 0, 32;
    %concati/vec4 2658140386, 0, 32;
    %concati/vec4 4003233849, 0, 32;
    %concati/vec4 3898058309, 0, 40;
    %concati/vec4 4278880576, 0, 32;
    %concati/vec4 3288559360, 0, 35;
    %concati/vec4 2323157508, 0, 32;
    %concati/vec4 62, 0, 7;
    %store/vec4 v00000207ac93dbf0_0, 0, 568;
    %end;
    .thread T_4;
    .scope S_00000207ac85da90;
T_5 ;
    %pushi/vec4 1, 0, 1;
    %store/vec4 v00000207ac93c570_0, 0, 1;
    %delay 17360000, 0;
    %pushi/vec4 0, 0, 1;
    %store/vec4 v00000207ac93c570_0, 0, 1;
    %delay 8680000, 0;
    %pushi/vec4 0, 0, 32;
    %store/vec4 v00000207ac93dab0_0, 0, 32;
T_5.0 ;
    %load/vec4 v00000207ac93dab0_0;
    %cmpi/s 16, 0, 32;
    %jmp/0xz T_5.1, 5;
    %load/vec4 v00000207ac93cf70_0;
    %load/vec4 v00000207ac93dab0_0;
    %part/s 1;
    %store/vec4 v00000207ac93c570_0, 0, 1;
    %delay 8680000, 0;
    ; show_stmt_assign_vector: Get l-value for compressed += operand
    %load/vec4 v00000207ac93dab0_0;
    %pushi/vec4 1, 0, 32;
    %add;
    %store/vec4 v00000207ac93dab0_0, 0, 32;
    %jmp T_5.0;
T_5.1 ;
    %pushi/vec4 567, 0, 32;
    %store/vec4 v00000207ac93dab0_0, 0, 32;
T_5.2 ;
    %load/vec4 v00000207ac93dab0_0;
    %cmpi/s 0, 0, 32;
    %flag_inv 5; GE is !LT
    %jmp/0xz T_5.3, 5;
    %load/vec4 v00000207ac93dbf0_0;
    %load/vec4 v00000207ac93dab0_0;
    %part/s 1;
    %store/vec4 v00000207ac93c570_0, 0, 1;
    %delay 8680000, 0;
    ; show_stmt_assign_vector: Get l-value for compressed -= operand
    %load/vec4 v00000207ac93dab0_0;
    %pushi/vec4 1, 0, 32;
    %sub;
    %store/vec4 v00000207ac93dab0_0, 0, 32;
    %jmp T_5.2;
T_5.3 ;
    %pushi/vec4 1, 0, 1;
    %cassign/vec4 v00000207ac93c570_0;
    %delay 8680000, 0;
    %end;
    .thread T_5;
    .scope S_00000207ac878d20;
T_6 ;
    %pushi/vec4 0, 0, 24;
    %store/vec4 v00000207ac93a100_0, 0, 24;
    %end;
    .thread T_6;
    .scope S_00000207ac878d20;
T_7 ;
    %wait E_00000207ac8c9d20;
    %load/vec4 v00000207ac93aec0_0;
    %flag_set/vec4 8;
    %jmp/1 T_7.2, 8;
    %load/vec4 v00000207ac93aa60_0;
    %nor/r;
    %flag_set/vec4 9;
    %flag_or 8, 9;
T_7.2;
    %jmp/0xz  T_7.0, 8;
    %pushi/vec4 0, 0, 24;
    %assign/vec4 v00000207ac93a100_0, 0;
    %pushi/vec4 0, 0, 1;
    %assign/vec4 v00000207ac93b3c0_0, 0;
    %jmp T_7.1;
T_7.0 ;
    %load/vec4 v00000207ac93a100_0;
    %pad/u 32;
    %cmpi/u 0, 0, 32;
    %flag_or 5, 4; GT is !LE
    %flag_inv 5;
    %jmp/0xz  T_7.3, 5;
    %load/vec4 v00000207ac93a100_0;
    %subi 1, 0, 24;
    %assign/vec4 v00000207ac93a100_0, 0;
    %jmp T_7.4;
T_7.3 ;
    %load/vec4 v00000207ac93a100_0;
    %pad/u 32;
    %cmpi/e 0, 0, 32;
    %jmp/0xz  T_7.5, 4;
    %load/vec4 v00000207ac93b3c0_0;
    %inv;
    %assign/vec4 v00000207ac93b3c0_0, 0;
    %pushi/vec4 433, 0, 24;
    %assign/vec4 v00000207ac93a100_0, 0;
T_7.5 ;
T_7.4 ;
T_7.1 ;
    %jmp T_7;
    .thread T_7;
    .scope S_00000207ac878b90;
T_8 ;
    %wait E_00000207ac8c9d20;
    %load/vec4 v00000207ac93a4c0_0;
    %flag_set/vec4 8;
    %jmp/0xz  T_8.0, 8;
    %pushi/vec4 0, 0, 1;
    %assign/vec4 v00000207ac93b820_0, 0;
    %pushi/vec4 0, 0, 1;
    %assign/vec4 v00000207ac93a920_0, 0;
    %pushi/vec4 0, 0, 24;
    %assign/vec4 v00000207ac93b8c0_0, 0;
    %jmp T_8.1;
T_8.0 ;
    %load/vec4 v00000207ac93b820_0;
    %dup/vec4;
    %pushi/vec4 0, 0, 1;
    %cmp/u;
    %jmp/1 T_8.2, 6;
    %dup/vec4;
    %pushi/vec4 1, 0, 1;
    %cmp/u;
    %jmp/1 T_8.3, 6;
    %pushi/vec4 0, 0, 1;
    %assign/vec4 v00000207ac93b820_0, 0;
    %pushi/vec4 0, 0, 1;
    %assign/vec4 v00000207ac93a920_0, 0;
    %pushi/vec4 0, 0, 24;
    %assign/vec4 v00000207ac93b8c0_0, 0;
    %jmp T_8.5;
T_8.2 ;
    %pushi/vec4 0, 0, 1;
    %assign/vec4 v00000207ac93a920_0, 0;
    %load/vec4 v00000207ac93be60_0;
    %flag_set/vec4 8;
    %jmp/0xz  T_8.6, 8;
    %pushi/vec4 1301, 0, 24;
    %assign/vec4 v00000207ac93b8c0_0, 0;
    %pushi/vec4 0, 0, 1;
    %assign/vec4 v00000207ac93a920_0, 0;
    %pushi/vec4 1, 0, 1;
    %assign/vec4 v00000207ac93b820_0, 0;
T_8.6 ;
    %jmp T_8.5;
T_8.3 ;
    %load/vec4 v00000207ac93be60_0;
    %nor/r;
    %flag_set/vec4 8;
    %jmp/0xz  T_8.8, 8;
    %pushi/vec4 0, 0, 1;
    %assign/vec4 v00000207ac93b820_0, 0;
    %pushi/vec4 0, 0, 1;
    %assign/vec4 v00000207ac93a920_0, 0;
    %pushi/vec4 0, 0, 24;
    %assign/vec4 v00000207ac93b8c0_0, 0;
    %jmp T_8.9;
T_8.8 ;
    %load/vec4 v00000207ac93b8c0_0;
    %cmpi/u 0, 0, 24;
    %flag_or 5, 4; GT is !LE
    %flag_inv 5;
    %jmp/0xz  T_8.10, 5;
    %pushi/vec4 0, 0, 1;
    %assign/vec4 v00000207ac93a920_0, 0;
    %load/vec4 v00000207ac93b8c0_0;
    %subi 1, 0, 24;
    %assign/vec4 v00000207ac93b8c0_0, 0;
    %jmp T_8.11;
T_8.10 ;
    %pushi/vec4 1, 0, 1;
    %assign/vec4 v00000207ac93a920_0, 0;
    %pushi/vec4 0, 0, 24;
    %assign/vec4 v00000207ac93b8c0_0, 0;
T_8.11 ;
T_8.9 ;
    %jmp T_8.5;
T_8.5 ;
    %pop/vec4 1;
T_8.1 ;
    %jmp T_8;
    .thread T_8;
    .scope S_00000207ac84ab30;
T_9 ;
    %wait E_00000207ac8c9ea0;
    %pushi/vec4 0, 0, 8;
    %assign/vec4 v00000207ac93b000_0, 0;
    %jmp T_9;
    .thread T_9;
    .scope S_00000207ac84ab30;
T_10 ;
    %wait E_00000207ac8c99e0;
    %load/vec4 v00000207ac93a240_0;
    %nor/r;
    %flag_set/vec4 8;
    %jmp/0xz  T_10.0, 8;
    %load/vec4 v00000207ac93a7e0_0;
    %nor/r;
    %flag_set/vec4 8;
    %jmp/0xz  T_10.2, 8;
    %load/vec4 v00000207ac93b000_0;
    %parti/s 7, 0, 2;
    %load/vec4 v00000207ac93bd20_0;
    %concat/vec4; draw_concat_vec4
    %assign/vec4 v00000207ac93b000_0, 0;
T_10.2 ;
    %jmp T_10.1;
T_10.0 ;
    %pushi/vec4 0, 0, 8;
    %assign/vec4 v00000207ac93b000_0, 0;
T_10.1 ;
    %jmp T_10;
    .thread T_10;
    .scope S_00000207ac84a9a0;
T_11 ;
    %wait E_00000207ac8c9be0;
    %pushi/vec4 0, 0, 3;
    %assign/vec4 v00000207ac93a2e0_0, 0;
    %pushi/vec4 0, 0, 1;
    %assign/vec4 v00000207ac93bb40_0, 0;
    %jmp T_11;
    .thread T_11;
    .scope S_00000207ac84a9a0;
T_12 ;
    %wait E_00000207ac8c99e0;
    %load/vec4 v00000207ac93a380_0;
    %nor/r;
    %flag_set/vec4 8;
    %jmp/0xz  T_12.0, 8;
    %load/vec4 v00000207ac93bc80_0;
    %cmpi/e 1, 0, 1;
    %jmp/0xz  T_12.2, 4;
    %load/vec4 v00000207ac93a2e0_0;
    %cmpi/e 7, 0, 3;
    %jmp/0xz  T_12.4, 4;
    %pushi/vec4 1, 0, 1;
    %assign/vec4 v00000207ac93bb40_0, 0;
    %pushi/vec4 0, 0, 3;
    %assign/vec4 v00000207ac93a2e0_0, 0;
    %jmp T_12.5;
T_12.4 ;
    %pushi/vec4 0, 0, 1;
    %assign/vec4 v00000207ac93bb40_0, 0;
T_12.5 ;
    %jmp T_12.3;
T_12.2 ;
    %pushi/vec4 0, 0, 3;
    %assign/vec4 v00000207ac93a2e0_0, 0;
    %pushi/vec4 0, 0, 1;
    %assign/vec4 v00000207ac93bb40_0, 0;
T_12.3 ;
    ; show_stmt_assign_vector: Get l-value for compressed += operand
    %load/vec4 v00000207ac93a2e0_0;
    %pushi/vec4 1, 0, 3;
    %add;
    %store/vec4 v00000207ac93a2e0_0, 0, 3;
    %jmp T_12.1;
T_12.0 ;
    %pushi/vec4 0, 0, 3;
    %assign/vec4 v00000207ac93a2e0_0, 0;
    %pushi/vec4 0, 0, 1;
    %assign/vec4 v00000207ac93bb40_0, 0;
T_12.1 ;
    %jmp T_12;
    .thread T_12;
    .scope S_00000207ac84f990;
T_13 ;
    %wait E_00000207ac8c9b60;
    %load/vec4 v00000207ac93b320_0;
    %nor/r;
    %flag_set/vec4 8;
    %jmp/0xz  T_13.0, 8;
    %load/vec4 v00000207ac93b5a0_0;
    %pad/u 32;
    %cmpi/e 0, 0, 32;
    %jmp/0xz  T_13.2, 4;
    %load/vec4 v00000207ac93b780_0;
    %pad/u 32;
    %cmpi/e 0, 0, 32;
    %flag_get/vec4 4;
    %jmp/0 T_13.7, 4;
    %load/vec4 v00000207ac93b640_0;
    %nor/r;
    %and;
T_13.7;
    %flag_set/vec4 9;
    %flag_get/vec4 9;
    %jmp/0 T_13.6, 9;
    %load/vec4 v00000207ac93b6e0_0;
    %nor/r;
    %and;
T_13.6;
    %flag_set/vec4 8;
    %jmp/0xz  T_13.4, 8;
    %pushi/vec4 1, 0, 1;
    %assign/vec4 v00000207ac93b6e0_0, 0;
T_13.4 ;
    %load/vec4 v00000207ac93aba0_0;
    %pad/u 32;
    %cmpi/e 1, 0, 32;
    %jmp/0xz  T_13.8, 4;
    %pushi/vec4 0, 0, 1;
    %assign/vec4 v00000207ac93b6e0_0, 0;
    %pushi/vec4 1, 0, 1;
    %assign/vec4 v00000207ac93b640_0, 0;
    %pushi/vec4 1, 0, 1;
    %assign/vec4 v00000207ac93b460_0, 0;
    %pushi/vec4 0, 0, 1;
    %assign/vec4 v00000207ac93ac40_0, 0;
    %pushi/vec4 1, 0, 3;
    %assign/vec4 v00000207ac93b5a0_0, 0;
T_13.8 ;
    %load/vec4 v00000207ac93b780_0;
    %pad/u 32;
    %cmpi/e 1, 0, 32;
    %flag_get/vec4 4;
    %jmp/0 T_13.12, 4;
    %load/vec4 v00000207ac93b6e0_0;
    %nor/r;
    %and;
T_13.12;
    %flag_set/vec4 8;
    %jmp/0xz  T_13.10, 8;
    %pushi/vec4 0, 0, 1;
    %assign/vec4 v00000207ac93b6e0_0, 0;
    %pushi/vec4 0, 0, 1;
    %assign/vec4 v00000207ac93b640_0, 0;
    %pushi/vec4 0, 0, 1;
    %assign/vec4 v00000207ac93b460_0, 0;
    %pushi/vec4 0, 0, 1;
    %assign/vec4 v00000207ac93ac40_0, 0;
T_13.10 ;
T_13.2 ;
    %load/vec4 v00000207ac93ac40_0;
    %cmpi/u 1, 0, 1;
    %flag_or 5, 4;
    %jmp/0xz  T_13.13, 5;
    %pushi/vec4 0, 0, 1;
    %assign/vec4 v00000207ac93ac40_0, 0;
    %pushi/vec4 0, 0, 1;
    %assign/vec4 v00000207ac93b500_0, 0;
T_13.13 ;
    %jmp T_13.1;
T_13.0 ;
    %pushi/vec4 0, 0, 3;
    %assign/vec4 v00000207ac93b5a0_0, 0;
    %pushi/vec4 0, 0, 1;
    %assign/vec4 v00000207ac93b460_0, 0;
    %pushi/vec4 0, 0, 8;
    %assign/vec4 v00000207ac93a560_0, 0;
    %pushi/vec4 0, 0, 8;
    %assign/vec4 v00000207ac93b0a0_0, 0;
    %pushi/vec4 0, 0, 8;
    %assign/vec4 v00000207ac93b1e0_0, 0;
    %pushi/vec4 0, 0, 1;
    %assign/vec4 v00000207ac93ac40_0, 0;
    %pushi/vec4 0, 0, 1;
    %assign/vec4 v00000207ac93b500_0, 0;
    %pushi/vec4 0, 0, 1;
    %assign/vec4 v00000207ac93b640_0, 0;
    %pushi/vec4 0, 0, 1;
    %assign/vec4 v00000207ac93b6e0_0, 0;
T_13.1 ;
    %jmp T_13;
    .thread T_13;
    .scope S_00000207ac84f990;
T_14 ;
    %wait E_00000207ac8c99e0;
    %load/vec4 v00000207ac93b320_0;
    %nor/r;
    %flag_set/vec4 8;
    %jmp/0xz  T_14.0, 8;
    %load/vec4 v00000207ac93b5a0_0;
    %pad/u 32;
    %cmpi/e 0, 0, 32;
    %jmp/0xz  T_14.2, 4;
    %jmp T_14.3;
T_14.2 ;
    %load/vec4 v00000207ac93b5a0_0;
    %dup/vec4;
    %pushi/vec4 1, 0, 3;
    %cmp/u;
    %jmp/1 T_14.4, 6;
    %dup/vec4;
    %pushi/vec4 2, 0, 3;
    %cmp/u;
    %jmp/1 T_14.5, 6;
    %dup/vec4;
    %pushi/vec4 3, 0, 3;
    %cmp/u;
    %jmp/1 T_14.6, 6;
    %dup/vec4;
    %pushi/vec4 4, 0, 3;
    %cmp/u;
    %jmp/1 T_14.7, 6;
    %dup/vec4;
    %pushi/vec4 5, 0, 3;
    %cmp/u;
    %jmp/1 T_14.8, 6;
    %jmp T_14.9;
T_14.4 ;
    %load/vec4 v00000207ac93a740_0;
    %flag_set/vec4 8;
    %jmp/0xz  T_14.10, 8;
    %load/vec4 v00000207ac93bfa0_0;
    %assign/vec4 v00000207ac93a560_0, 0;
    %pushi/vec4 2, 0, 3;
    %assign/vec4 v00000207ac93b5a0_0, 0;
    %load/vec4 v00000207ac93bfa0_0;
    %assign/vec4 v00000207ac93b1e0_0, 0;
    %pushi/vec4 1, 0, 1;
    %assign/vec4 v00000207ac93ac40_0, 0;
T_14.10 ;
    %jmp T_14.9;
T_14.5 ;
    %load/vec4 v00000207ac93a740_0;
    %flag_set/vec4 8;
    %jmp/0xz  T_14.12, 8;
    %load/vec4 v00000207ac93bfa0_0;
    %assign/vec4 v00000207ac93b0a0_0, 0;
    %pushi/vec4 3, 0, 3;
    %assign/vec4 v00000207ac93b5a0_0, 0;
    %load/vec4 v00000207ac93bfa0_0;
    %assign/vec4 v00000207ac93b1e0_0, 0;
    %pushi/vec4 1, 0, 1;
    %assign/vec4 v00000207ac93ac40_0, 0;
T_14.12 ;
    %jmp T_14.9;
T_14.6 ;
    %load/vec4 v00000207ac93a740_0;
    %flag_set/vec4 8;
    %jmp/0xz  T_14.14, 8;
    %pushi/vec4 0, 0, 8;
    %assign/vec4 v00000207ac93b0a0_0, 0;
    %load/vec4 v00000207ac93bfa0_0;
    %concati/vec4 0, 0, 1;
    %addi 4, 0, 9;
    %pad/u 8;
    %assign/vec4 v00000207ac93a560_0, 0;
    %load/vec4 v00000207ac93bfa0_0;
    %assign/vec4 v00000207ac93b1e0_0, 0;
    %pushi/vec4 4, 0, 3;
    %assign/vec4 v00000207ac93b5a0_0, 0;
    %pushi/vec4 1, 0, 1;
    %assign/vec4 v00000207ac93ac40_0, 0;
T_14.14 ;
    %jmp T_14.9;
T_14.7 ;
    %load/vec4 v00000207ac93a740_0;
    %flag_set/vec4 8;
    %jmp/0xz  T_14.16, 8;
    ; show_stmt_assign_vector: Get l-value for compressed -= operand
    %load/vec4 v00000207ac93a560_0;
    %pushi/vec4 1, 0, 8;
    %sub;
    %store/vec4 v00000207ac93a560_0, 0, 8;
    %load/vec4 v00000207ac93bfa0_0;
    %assign/vec4 v00000207ac93b1e0_0, 0;
    %pushi/vec4 1, 0, 1;
    %assign/vec4 v00000207ac93ac40_0, 0;
    %load/vec4 v00000207ac93a560_0;
    %pad/u 32;
    %cmpi/e 0, 0, 32;
    %jmp/0xz  T_14.18, 4;
    %pushi/vec4 5, 0, 3;
    %assign/vec4 v00000207ac93b5a0_0, 0;
T_14.18 ;
    %jmp T_14.17;
T_14.16 ;
    %pushi/vec4 0, 0, 1;
    %assign/vec4 v00000207ac93ac40_0, 0;
T_14.17 ;
    %jmp T_14.9;
T_14.8 ;
    %pushi/vec4 0, 0, 3;
    %assign/vec4 v00000207ac93b5a0_0, 0;
    %pushi/vec4 0, 0, 1;
    %store/vec4 v00000207ac93ac40_0, 0, 1;
    %pushi/vec4 0, 0, 1;
    %store/vec4 v00000207ac93b500_0, 0, 1;
    %jmp T_14.9;
T_14.9 ;
    %pop/vec4 1;
T_14.3 ;
    %jmp T_14.1;
T_14.0 ;
    %pushi/vec4 0, 0, 3;
    %assign/vec4 v00000207ac93b5a0_0, 0;
    %pushi/vec4 0, 0, 1;
    %assign/vec4 v00000207ac93b460_0, 0;
    %pushi/vec4 0, 0, 8;
    %assign/vec4 v00000207ac93a560_0, 0;
    %pushi/vec4 0, 0, 8;
    %assign/vec4 v00000207ac93b0a0_0, 0;
    %pushi/vec4 0, 0, 8;
    %assign/vec4 v00000207ac93b1e0_0, 0;
    %pushi/vec4 0, 0, 1;
    %assign/vec4 v00000207ac93ac40_0, 0;
    %pushi/vec4 0, 0, 1;
    %assign/vec4 v00000207ac93b500_0, 0;
    %pushi/vec4 0, 0, 1;
    %assign/vec4 v00000207ac93b640_0, 0;
    %pushi/vec4 0, 0, 1;
    %assign/vec4 v00000207ac93b6e0_0, 0;
T_14.1 ;
    %jmp T_14;
    .thread T_14;
    .scope S_00000207ac89d6c0;
T_15 ;
    %wait E_00000207ac8c9b60;
    %load/vec4 v00000207ac8deed0_0;
    %nor/r;
    %flag_set/vec4 8;
    %jmp/0xz  T_15.0, 8;
    %load/vec4 v00000207ac8de570_0;
    %dup/vec4;
    %pushi/vec4 0, 0, 3;
    %cmp/u;
    %jmp/1 T_15.2, 6;
    %dup/vec4;
    %pushi/vec4 1, 0, 3;
    %cmp/u;
    %jmp/1 T_15.3, 6;
    %dup/vec4;
    %pushi/vec4 2, 0, 3;
    %cmp/u;
    %jmp/1 T_15.4, 6;
    %jmp T_15.5;
T_15.2 ;
    %pushi/vec4 0, 0, 1;
    %assign/vec4 v00000207ac8de250_0, 0;
    %load/vec4 v00000207ac8de4d0_0;
    %assign/vec4 v00000207ac8de890_0, 0;
    %load/vec4 v00000207ac8deb10_0;
    %assign/vec4 v00000207ac8df150_0, 0;
    %load/vec4 v00000207ac8de7f0_0;
    %flag_set/vec4 8;
    %jmp/0xz  T_15.6, 8;
    %pushi/vec4 1, 0, 3;
    %assign/vec4 v00000207ac8de570_0, 0;
T_15.6 ;
    %jmp T_15.5;
T_15.3 ;
    %load/vec4 v00000207ac8df150_0;
    %pad/u 24;
    %ix/getv 4, v00000207ac8de750_0;
    %shiftl 4;
    %load/vec4 v00000207ac8de890_0;
    %cmp/u;
    %flag_or 5, 4;
    %jmp/0xz  T_15.8, 5;
    %load/vec4 v00000207ac8de890_0;
    %load/vec4 v00000207ac8df150_0;
    %pad/u 24;
    %ix/getv 4, v00000207ac8de750_0;
    %shiftl 4;
    %sub;
    %assign/vec4 v00000207ac8de890_0, 0;
    %pushi/vec4 1, 0, 1;
    %ix/load 5, 0, 0;
    %ix/getv 4, v00000207ac8de750_0;
    %assign/vec4/off/d v00000207ac8de930_0, 4, 5;
T_15.8 ;
    %load/vec4 v00000207ac8de750_0;
    %pad/u 32;
    %cmpi/e 0, 0, 32;
    %jmp/0xz  T_15.10, 4;
    %pushi/vec4 2, 0, 3;
    %store/vec4 v00000207ac8de570_0, 0, 3;
    %jmp T_15.11;
T_15.10 ;
    %load/vec4 v00000207ac8de750_0;
    %subi 1, 0, 4;
    %assign/vec4 v00000207ac8de750_0, 0;
T_15.11 ;
    %jmp T_15.5;
T_15.4 ;
    %pushi/vec4 1, 0, 1;
    %assign/vec4 v00000207ac8de250_0, 0;
    %pushi/vec4 15, 0, 4;
    %assign/vec4 v00000207ac8de750_0, 0;
    %pushi/vec4 0, 0, 3;
    %assign/vec4 v00000207ac8de570_0, 0;
    %jmp T_15.5;
T_15.5 ;
    %pop/vec4 1;
    %jmp T_15.1;
T_15.0 ;
    %pushi/vec4 0, 0, 3;
    %assign/vec4 v00000207ac8de570_0, 0;
    %pushi/vec4 15, 0, 4;
    %assign/vec4 v00000207ac8de750_0, 0;
    %pushi/vec4 0, 0, 16;
    %assign/vec4 v00000207ac8de930_0, 0;
    %pushi/vec4 0, 0, 1;
    %assign/vec4 v00000207ac8de250_0, 0;
    %pushi/vec4 0, 0, 24;
    %assign/vec4 v00000207ac8de890_0, 0;
    %pushi/vec4 0, 0, 8;
    %assign/vec4 v00000207ac8df150_0, 0;
T_15.1 ;
    %jmp T_15;
    .thread T_15;
    .scope S_00000207ac89d850;
T_16 ;
    %wait E_00000207ac8c9b60;
    %load/vec4 v00000207ac8de390_0;
    %nor/r;
    %flag_set/vec4 8;
    %jmp/0xz  T_16.0, 8;
    %load/vec4 v00000207ac8c0870_0;
    %dup/vec4;
    %pushi/vec4 0, 0, 3;
    %cmp/u;
    %jmp/1 T_16.2, 6;
    %dup/vec4;
    %pushi/vec4 1, 0, 3;
    %cmp/u;
    %jmp/1 T_16.3, 6;
    %dup/vec4;
    %pushi/vec4 2, 0, 3;
    %cmp/u;
    %jmp/1 T_16.4, 6;
    %jmp T_16.5;
T_16.2 ;
    %pushi/vec4 0, 0, 1;
    %assign/vec4 v00000207ac8de610_0, 0;
    %load/vec4 v00000207ac8decf0_0;
    %assign/vec4 v00000207ac8de2f0_0, 0;
    %load/vec4 v00000207ac8c00f0_0;
    %assign/vec4 v00000207ac8c02d0_0, 0;
    %load/vec4 v00000207ac8de6b0_0;
    %flag_set/vec4 8;
    %jmp/0xz  T_16.6, 8;
    %pushi/vec4 1, 0, 3;
    %assign/vec4 v00000207ac8c0870_0, 0;
T_16.6 ;
    %jmp T_16.5;
T_16.3 ;
    %load/vec4 v00000207ac8c02d0_0;
    %pad/u 24;
    %ix/getv 4, v00000207ac8dee30_0;
    %shiftl 4;
    %load/vec4 v00000207ac8de2f0_0;
    %cmp/u;
    %flag_or 5, 4;
    %jmp/0xz  T_16.8, 5;
    %load/vec4 v00000207ac8de2f0_0;
    %load/vec4 v00000207ac8c02d0_0;
    %pad/u 24;
    %ix/getv 4, v00000207ac8dee30_0;
    %shiftl 4;
    %sub;
    %assign/vec4 v00000207ac8de2f0_0, 0;
    %pushi/vec4 1, 0, 1;
    %ix/load 5, 0, 0;
    %ix/getv 4, v00000207ac8dee30_0;
    %assign/vec4/off/d v00000207ac8def70_0, 4, 5;
T_16.8 ;
    %load/vec4 v00000207ac8dee30_0;
    %pad/u 32;
    %cmpi/e 0, 0, 32;
    %jmp/0xz  T_16.10, 4;
    %pushi/vec4 2, 0, 3;
    %store/vec4 v00000207ac8c0870_0, 0, 3;
    %jmp T_16.11;
T_16.10 ;
    %load/vec4 v00000207ac8dee30_0;
    %subi 1, 0, 4;
    %assign/vec4 v00000207ac8dee30_0, 0;
T_16.11 ;
    %jmp T_16.5;
T_16.4 ;
    %pushi/vec4 1, 0, 1;
    %assign/vec4 v00000207ac8de610_0, 0;
    %pushi/vec4 15, 0, 4;
    %assign/vec4 v00000207ac8dee30_0, 0;
    %pushi/vec4 0, 0, 3;
    %assign/vec4 v00000207ac8c0870_0, 0;
    %jmp T_16.5;
T_16.5 ;
    %pop/vec4 1;
    %jmp T_16.1;
T_16.0 ;
    %pushi/vec4 0, 0, 3;
    %assign/vec4 v00000207ac8c0870_0, 0;
    %pushi/vec4 15, 0, 4;
    %assign/vec4 v00000207ac8dee30_0, 0;
    %pushi/vec4 0, 0, 16;
    %assign/vec4 v00000207ac8def70_0, 0;
    %pushi/vec4 0, 0, 1;
    %assign/vec4 v00000207ac8de610_0, 0;
    %pushi/vec4 0, 0, 24;
    %assign/vec4 v00000207ac8de2f0_0, 0;
    %pushi/vec4 0, 0, 8;
    %assign/vec4 v00000207ac8c02d0_0, 0;
T_16.1 ;
    %jmp T_16;
    .thread T_16;
    .scope S_00000207ac854ba0;
T_17 ;
    %wait E_00000207ac8c9b60;
    %load/vec4 v00000207ac93ab00_0;
    %nor/r;
    %flag_set/vec4 8;
    %jmp/0xz  T_17.0, 8;
    %load/vec4 v00000207ac939bd0_0;
    %flag_set/vec4 8;
    %jmp/0xz  T_17.2, 8;
    %load/vec4 v00000207ac939b30_0;
    %dup/vec4;
    %pushi/vec4 0, 0, 4;
    %cmp/u;
    %jmp/1 T_17.4, 6;
    %dup/vec4;
    %pushi/vec4 1, 0, 4;
    %cmp/u;
    %jmp/1 T_17.5, 6;
    %dup/vec4;
    %pushi/vec4 2, 0, 4;
    %cmp/u;
    %jmp/1 T_17.6, 6;
    %dup/vec4;
    %pushi/vec4 3, 0, 4;
    %cmp/u;
    %jmp/1 T_17.7, 6;
    %dup/vec4;
    %pushi/vec4 4, 0, 4;
    %cmp/u;
    %jmp/1 T_17.8, 6;
    %dup/vec4;
    %pushi/vec4 5, 0, 4;
    %cmp/u;
    %jmp/1 T_17.9, 6;
    %jmp T_17.10;
T_17.4 ;
    %load/vec4 v00000207ac9389b0_0;
    %pad/u 32;
    %cmpi/e 2, 0, 32;
    %jmp/0xz  T_17.11, 4;
    %load/vec4 v00000207ac939770_0;
    %assign/vec4 v00000207ac938a50_0, 0;
    %load/vec4 v00000207ac939770_0;
    %pad/u 9;
    %muli 2, 0, 9;
    %assign/vec4 v00000207ac938b90_0, 0;
    %load/vec4 v00000207ac939770_0;
    %cmpi/u 15, 0, 8;
    %flag_or 5, 4; GT is !LE
    %flag_inv 5;
    %jmp/0xz  T_17.13, 5;
    %pushi/vec4 15, 0, 4;
    %assign/vec4 v00000207ac93bf00_0, 0;
    %jmp T_17.14;
T_17.13 ;
    %load/vec4 v00000207ac939770_0;
    %parti/s 4, 0, 2;
    %assign/vec4 v00000207ac93bf00_0, 0;
T_17.14 ;
    %pushi/vec4 1, 0, 4;
    %assign/vec4 v00000207ac939b30_0, 0;
    %pushi/vec4 0, 0, 3;
    %assign/vec4 v00000207ac9389b0_0, 0;
    %jmp T_17.12;
T_17.11 ;
    %load/vec4 v00000207ac9389b0_0;
    %addi 1, 0, 3;
    %assign/vec4 v00000207ac9389b0_0, 0;
T_17.12 ;
    %jmp T_17.10;
T_17.5 ;
    %load/vec4 v00000207ac939770_0;
    %ix/load 4, 0, 0;
    %ix/load 5, 0, 0;
    %flag_set/imm 4, 0;
    %assign/vec4/off/d v00000207ac8bfc90_0, 4, 5;
    %pushi/vec4 2, 0, 4;
    %assign/vec4 v00000207ac939b30_0, 0;
    %jmp T_17.10;
T_17.6 ;
    %load/vec4 v00000207ac939770_0;
    %ix/load 4, 8, 0;
    %ix/load 5, 0, 0;
    %flag_set/imm 4, 0;
    %assign/vec4/off/d v00000207ac8bfc90_0, 4, 5;
    %pushi/vec4 3, 0, 4;
    %assign/vec4 v00000207ac939b30_0, 0;
    %jmp T_17.10;
T_17.7 ;
    %load/vec4 v00000207ac939770_0;
    %ix/load 4, 0, 0;
    %ix/load 5, 0, 0;
    %flag_set/imm 4, 0;
    %assign/vec4/off/d v00000207ac8bf970_0, 4, 5;
    %pushi/vec4 4, 0, 4;
    %assign/vec4 v00000207ac939b30_0, 0;
    %jmp T_17.10;
T_17.8 ;
    %load/vec4 v00000207ac939770_0;
    %ix/load 4, 8, 0;
    %ix/load 5, 0, 0;
    %flag_set/imm 4, 0;
    %assign/vec4/off/d v00000207ac8bf970_0, 4, 5;
    %pushi/vec4 5, 0, 4;
    %assign/vec4 v00000207ac939b30_0, 0;
    %pushi/vec4 0, 0, 9;
    %assign/vec4 v00000207ac939810_0, 0;
    %jmp T_17.10;
T_17.9 ;
    %load/vec4 v00000207ac939810_0;
    %addi 1, 0, 9;
    %assign/vec4 v00000207ac939810_0, 0;
    %load/vec4 v00000207ac939810_0;
    %parti/s 1, 0, 2;
    %flag_set/vec4 8;
    %jmp/0xz  T_17.15, 8;
    %load/vec4 v00000207ac939770_0;
    %load/vec4 v00000207ac939810_0;
    %parti/s 8, 1, 2;
    %pad/u 10;
    %ix/vec4 3;
    %ix/load 4, 8, 0; part off
    %ix/load 5, 0, 0; Constant delay
    %assign/vec4/a/d v00000207ac939590, 4, 5;
    %jmp T_17.16;
T_17.15 ;
    %load/vec4 v00000207ac939770_0;
    %load/vec4 v00000207ac939810_0;
    %parti/s 8, 1, 2;
    %pad/u 10;
    %ix/vec4 3;
    %ix/load 4, 0, 0; Constant delay
    %assign/vec4/a/d v00000207ac939590, 0, 4;
T_17.16 ;
    %load/vec4 v00000207ac939810_0;
    %pad/u 32;
    %load/vec4 v00000207ac938b90_0;
    %pad/u 32;
    %subi 1, 0, 32;
    %cmp/e;
    %jmp/0xz  T_17.17, 4;
    %pushi/vec4 7, 0, 4;
    %assign/vec4 v00000207ac939b30_0, 0;
    %pushi/vec4 0, 0, 8;
    %assign/vec4 v00000207ac9394f0_0, 0;
T_17.17 ;
    %jmp T_17.10;
T_17.10 ;
    %pop/vec4 1;
T_17.2 ;
    %load/vec4 v00000207ac939b30_0;
    %dup/vec4;
    %pushi/vec4 0, 0, 4;
    %cmp/u;
    %jmp/1 T_17.19, 6;
    %dup/vec4;
    %pushi/vec4 7, 0, 4;
    %cmp/u;
    %jmp/1 T_17.20, 6;
    %dup/vec4;
    %pushi/vec4 8, 0, 4;
    %cmp/u;
    %jmp/1 T_17.21, 6;
    %dup/vec4;
    %pushi/vec4 9, 0, 4;
    %cmp/u;
    %jmp/1 T_17.22, 6;
    %dup/vec4;
    %pushi/vec4 10, 0, 4;
    %cmp/u;
    %jmp/1 T_17.23, 6;
    %dup/vec4;
    %pushi/vec4 11, 0, 4;
    %cmp/u;
    %jmp/1 T_17.24, 6;
    %jmp T_17.25;
T_17.19 ;
    %pushi/vec4 0, 0, 8;
    %assign/vec4 v00000207ac9394f0_0, 0;
    %pushi/vec4 0, 0, 16;
    %assign/vec4 v00000207ac938c30_0, 0;
    %pushi/vec4 0, 0, 8;
    %assign/vec4 v00000207ac93ace0_0, 0;
    %pushi/vec4 0, 0, 16;
    %assign/vec4 v00000207ac939d10_0, 0;
    %pushi/vec4 0, 0, 8;
    %assign/vec4 v00000207ac938870_0, 0;
    %pushi/vec4 0, 0, 16;
    %assign/vec4 v00000207ac938910_0, 0;
    %pushi/vec4 0, 0, 1;
    %assign/vec4 v00000207ac939c70_0, 0;
    %jmp T_17.25;
T_17.20 ;
    %load/vec4 v00000207ac9394f0_0;
    %addi 1, 0, 8;
    %assign/vec4 v00000207ac9394f0_0, 0;
    %load/vec4 v00000207ac9394f0_0;
    %pad/u 32;
    %load/vec4 v00000207ac938a50_0;
    %pad/u 32;
    %subi 1, 0, 32;
    %cmp/e;
    %jmp/0xz  T_17.26, 4;
    %pushi/vec4 8, 0, 4;
    %assign/vec4 v00000207ac939b30_0, 0;
    %pushi/vec4 0, 0, 8;
    %assign/vec4 v00000207ac9394f0_0, 0;
T_17.26 ;
    %load/vec4 v00000207ac9394f0_0;
    %pad/u 32;
    %cmpi/e 0, 0, 32;
    %jmp/0xz  T_17.28, 4;
    %pushi/vec4 0, 0, 8;
    %assign/vec4 v00000207ac93ace0_0, 0;
    %ix/load 4, 0, 0;
    %flag_set/imm 4, 0;
    %load/vec4a v00000207ac939590, 4;
    %assign/vec4 v00000207ac938c30_0, 0;
    %jmp T_17.29;
T_17.28 ;
    %load/vec4 v00000207ac9394f0_0;
    %pad/u 10;
    %ix/vec4 4;
    %load/vec4a v00000207ac939590, 4;
    %load/vec4 v00000207ac938c30_0;
    %cmp/u;
    %jmp/0xz  T_17.30, 5;
    %load/vec4 v00000207ac9394f0_0;
    %pad/u 10;
    %ix/vec4 4;
    %load/vec4a v00000207ac939590, 4;
    %assign/vec4 v00000207ac938c30_0, 0;
    %load/vec4 v00000207ac9394f0_0;
    %assign/vec4 v00000207ac93ace0_0, 0;
T_17.30 ;
T_17.29 ;
    %jmp T_17.25;
T_17.21 ;
    %load/vec4 v00000207ac9394f0_0;
    %addi 1, 0, 8;
    %assign/vec4 v00000207ac9394f0_0, 0;
    %load/vec4 v00000207ac9394f0_0;
    %pad/u 32;
    %load/vec4 v00000207ac938a50_0;
    %pad/u 32;
    %subi 1, 0, 32;
    %cmp/e;
    %jmp/0xz  T_17.32, 4;
    %pushi/vec4 9, 0, 4;
    %assign/vec4 v00000207ac939b30_0, 0;
    %pushi/vec4 1, 0, 1;
    %assign/vec4 v00000207ac93ae20_0, 0;
    %pushi/vec4 0, 0, 8;
    %assign/vec4 v00000207ac9394f0_0, 0;
T_17.32 ;
    %load/vec4 v00000207ac9394f0_0;
    %pad/u 32;
    %cmpi/e 0, 0, 32;
    %jmp/0xz  T_17.34, 4;
    %pushi/vec4 0, 0, 8;
    %assign/vec4 v00000207ac938870_0, 0;
    %ix/load 4, 0, 0;
    %flag_set/imm 4, 0;
    %load/vec4a v00000207ac939590, 4;
    %assign/vec4 v00000207ac939d10_0, 0;
    %jmp T_17.35;
T_17.34 ;
    %load/vec4 v00000207ac939d10_0;
    %load/vec4 v00000207ac9394f0_0;
    %pad/u 10;
    %ix/vec4 4;
    %load/vec4a v00000207ac939590, 4;
    %cmp/u;
    %jmp/0xz  T_17.36, 5;
    %load/vec4 v00000207ac9394f0_0;
    %pad/u 10;
    %ix/vec4 4;
    %load/vec4a v00000207ac939590, 4;
    %assign/vec4 v00000207ac939d10_0, 0;
    %load/vec4 v00000207ac9394f0_0;
    %assign/vec4 v00000207ac938870_0, 0;
T_17.36 ;
T_17.35 ;
    %jmp T_17.25;
T_17.22 ;
    %pushi/vec4 0, 0, 1;
    %assign/vec4 v00000207ac93ae20_0, 0;
    %load/vec4 v00000207ac938550_0;
    %pad/u 32;
    %cmpi/e 1, 0, 32;
    %flag_get/vec4 4;
    %jmp/0 T_17.40, 4;
    %load/vec4 v00000207ac9399f0_0;
    %pad/u 32;
    %pushi/vec4 1, 0, 32;
    %cmp/e;
    %flag_get/vec4 4;
    %and;
T_17.40;
    %flag_set/vec4 8;
    %jmp/0xz  T_17.38, 8;
    %load/vec4 v00000207ac93b140_0;
    %assign/vec4 v00000207ac938c30_0, 0;
    %load/vec4 v00000207ac939e50_0;
    %assign/vec4 v00000207ac939d10_0, 0;
    %pushi/vec4 10, 0, 4;
    %assign/vec4 v00000207ac939b30_0, 0;
T_17.38 ;
    %jmp T_17.25;
T_17.23 ;
    %load/vec4 v00000207ac9394f0_0;
    %addi 1, 0, 8;
    %assign/vec4 v00000207ac9394f0_0, 0;
    %load/vec4 v00000207ac9394f0_0;
    %pad/u 32;
    %load/vec4 v00000207ac93bf00_0;
    %pad/u 32;
    %subi 1, 0, 32;
    %cmp/e;
    %jmp/0xz  T_17.41, 4;
    %pushi/vec4 11, 0, 4;
    %assign/vec4 v00000207ac939b30_0, 0;
    %pushi/vec4 0, 0, 8;
    %assign/vec4 v00000207ac9394f0_0, 0;
T_17.41 ;
    %load/vec4 v00000207ac9394f0_0;
    %pad/u 10;
    %ix/vec4 4;
    %load/vec4a v00000207ac939590, 4;
    %cmpi/u 1024, 0, 16;
    %jmp/0xz  T_17.43, 5;
    %pushi/vec4 1, 0, 1;
    %ix/load 5, 0, 0;
    %ix/getv 4, v00000207ac9394f0_0;
    %assign/vec4/off/d v00000207ac938910_0, 4, 5;
    %jmp T_17.44;
T_17.43 ;
    %pushi/vec4 0, 0, 1;
    %ix/load 5, 0, 0;
    %ix/getv 4, v00000207ac9394f0_0;
    %assign/vec4/off/d v00000207ac938910_0, 4, 5;
T_17.44 ;
    %jmp T_17.25;
T_17.24 ;
    %pushi/vec4 1, 0, 1;
    %assign/vec4 v00000207ac939c70_0, 0;
    %load/vec4 v00000207ac9394f0_0;
    %cmpi/ne 0, 0, 8;
    %jmp/0xz  T_17.45, 4;
    %pushi/vec4 0, 0, 4;
    %assign/vec4 v00000207ac939b30_0, 0;
    %jmp T_17.46;
T_17.45 ;
    %pushi/vec4 1, 0, 8;
    %assign/vec4 v00000207ac9394f0_0, 0;
T_17.46 ;
    %jmp T_17.25;
T_17.25 ;
    %pop/vec4 1;
    %jmp T_17.1;
T_17.0 ;
    %pushi/vec4 0, 0, 1;
    %assign/vec4 v00000207ac939c70_0, 0;
    %pushi/vec4 0, 0, 4;
    %assign/vec4 v00000207ac939b30_0, 0;
    %pushi/vec4 0, 0, 9;
    %assign/vec4 v00000207ac939810_0, 0;
    %pushi/vec4 0, 0, 8;
    %assign/vec4 v00000207ac938a50_0, 0;
    %pushi/vec4 0, 0, 9;
    %assign/vec4 v00000207ac938b90_0, 0;
    %pushi/vec4 0, 0, 4;
    %assign/vec4 v00000207ac93bf00_0, 0;
    %pushi/vec4 0, 0, 16;
    %assign/vec4 v00000207ac8bfc90_0, 0;
    %pushi/vec4 0, 0, 16;
    %assign/vec4 v00000207ac8bf970_0, 0;
    %pushi/vec4 0, 0, 16;
    %assign/vec4 v00000207ac938910_0, 0;
    %pushi/vec4 0, 0, 8;
    %assign/vec4 v00000207ac9394f0_0, 0;
    %pushi/vec4 0, 0, 16;
    %assign/vec4 v00000207ac938c30_0, 0;
    %pushi/vec4 0, 0, 16;
    %assign/vec4 v00000207ac939d10_0, 0;
    %pushi/vec4 0, 0, 8;
    %assign/vec4 v00000207ac93ace0_0, 0;
    %pushi/vec4 0, 0, 8;
    %assign/vec4 v00000207ac938870_0, 0;
    %pushi/vec4 0, 0, 1;
    %assign/vec4 v00000207ac93ae20_0, 0;
    %pushi/vec4 0, 0, 3;
    %assign/vec4 v00000207ac9389b0_0, 0;
    %pushi/vec4 0, 0, 32;
    %store/vec4 v00000207ac939ef0_0, 0, 32;
T_17.47 ;
    %load/vec4 v00000207ac939ef0_0;
    %cmpi/s 256, 0, 32;
    %jmp/0xz T_17.48, 5;
    %pushi/vec4 0, 0, 16;
    %ix/getv/s 3, v00000207ac939ef0_0;
    %ix/load 4, 0, 0; Constant delay
    %assign/vec4/a/d v00000207ac939590, 0, 4;
    ; show_stmt_assign_vector: Get l-value for compressed += operand
    %load/vec4 v00000207ac939ef0_0;
    %pushi/vec4 1, 0, 32;
    %add;
    %store/vec4 v00000207ac939ef0_0, 0, 32;
    %jmp T_17.47;
T_17.48 ;
T_17.1 ;
    %jmp T_17;
    .thread T_17;
    .scope S_00000207ac882280;
T_18 ;
    %pushi/vec4 0, 0, 24;
    %store/vec4 v00000207ac93baa0_0, 0, 24;
    %end;
    .thread T_18;
    .scope S_00000207ac882280;
T_19 ;
    %wait E_00000207ac8c9d20;
    %load/vec4 v00000207ac93cbb0_0;
    %flag_set/vec4 8;
    %jmp/1 T_19.2, 8;
    %load/vec4 v00000207ac93c4d0_0;
    %nor/r;
    %flag_set/vec4 9;
    %flag_or 8, 9;
T_19.2;
    %jmp/0xz  T_19.0, 8;
    %pushi/vec4 0, 0, 24;
    %assign/vec4 v00000207ac93baa0_0, 0;
    %pushi/vec4 0, 0, 1;
    %assign/vec4 v00000207ac93d510_0, 0;
    %jmp T_19.1;
T_19.0 ;
    %load/vec4 v00000207ac93baa0_0;
    %pad/u 32;
    %cmpi/u 0, 0, 32;
    %flag_or 5, 4; GT is !LE
    %flag_inv 5;
    %jmp/0xz  T_19.3, 5;
    %load/vec4 v00000207ac93baa0_0;
    %subi 1, 0, 24;
    %assign/vec4 v00000207ac93baa0_0, 0;
    %jmp T_19.4;
T_19.3 ;
    %load/vec4 v00000207ac93baa0_0;
    %pad/u 32;
    %cmpi/e 0, 0, 32;
    %jmp/0xz  T_19.5, 4;
    %load/vec4 v00000207ac93d510_0;
    %inv;
    %assign/vec4 v00000207ac93d510_0, 0;
    %pushi/vec4 433, 0, 24;
    %assign/vec4 v00000207ac93baa0_0, 0;
T_19.5 ;
T_19.4 ;
T_19.1 ;
    %jmp T_19;
    .thread T_19;
    .scope S_00000207ac8820f0;
T_20 ;
    %wait E_00000207ac8c9d20;
    %load/vec4 v00000207ac93da10_0;
    %flag_set/vec4 8;
    %jmp/0xz  T_20.0, 8;
    %pushi/vec4 0, 0, 48;
    %assign/vec4 v00000207ac93d5b0_0, 0;
    %pushi/vec4 64, 0, 7;
    %assign/vec4 v00000207ac93d150_0, 0;
    %pushi/vec4 0, 0, 2;
    %assign/vec4 v00000207ac93ddd0_0, 0;
    %pushi/vec4 1, 0, 1;
    %assign/vec4 v00000207ac93ced0_0, 0;
    %pushi/vec4 0, 0, 1;
    %assign/vec4 v00000207ac93cc50_0, 0;
    %jmp T_20.1;
T_20.0 ;
    %load/vec4 v00000207ac93ddd0_0;
    %dup/vec4;
    %pushi/vec4 0, 0, 2;
    %cmp/u;
    %jmp/1 T_20.2, 6;
    %dup/vec4;
    %pushi/vec4 1, 0, 2;
    %cmp/u;
    %jmp/1 T_20.3, 6;
    %jmp T_20.4;
T_20.2 ;
    %pushi/vec4 64, 0, 7;
    %assign/vec4 v00000207ac93d150_0, 0;
    %pushi/vec4 1, 0, 1;
    %assign/vec4 v00000207ac93ced0_0, 0;
    %load/vec4 v00000207ac93d290_0;
    %flag_set/vec4 8;
    %jmp/0xz  T_20.5, 8;
    %pushi/vec4 1, 0, 2;
    %assign/vec4 v00000207ac93ddd0_0, 0;
T_20.5 ;
    %jmp T_20.4;
T_20.3 ;
    %load/vec4 v00000207ac93c9d0_0;
    %assign/vec4 v00000207ac93cb10_0, 0;
    %load/vec4 v00000207ac93ccf0_0;
    %parti/s 8, 0, 2;
    %load/vec4 v00000207ac93ccf0_0;
    %parti/s 8, 8, 5;
    %concat/vec4; draw_concat_vec4
    %ix/load 4, 0, 0;
    %ix/load 5, 0, 0;
    %flag_set/imm 4, 0;
    %assign/vec4/off/d v00000207ac93d5b0_0, 4, 5;
    %load/vec4 v00000207ac93ccf0_0;
    %parti/s 8, 32, 7;
    %load/vec4 v00000207ac93ccf0_0;
    %parti/s 8, 40, 7;
    %concat/vec4; draw_concat_vec4
    %ix/load 4, 32, 0;
    %ix/load 5, 0, 0;
    %flag_set/imm 4, 0;
    %assign/vec4/off/d v00000207ac93d5b0_0, 4, 5;
    %load/vec4 v00000207ac93ccf0_0;
    %parti/s 8, 16, 6;
    %load/vec4 v00000207ac93ccf0_0;
    %parti/s 8, 24, 6;
    %concat/vec4; draw_concat_vec4
    %ix/load 4, 16, 0;
    %ix/load 5, 0, 0;
    %flag_set/imm 4, 0;
    %assign/vec4/off/d v00000207ac93d5b0_0, 4, 5;
    %pushi/vec4 3, 0, 2;
    %assign/vec4 v00000207ac93ddd0_0, 0;
    %pushi/vec4 1, 0, 1;
    %assign/vec4 v00000207ac93cc50_0, 0;
    %jmp T_20.4;
T_20.4 ;
    %pop/vec4 1;
T_20.1 ;
    %jmp T_20;
    .thread T_20;
    .scope S_00000207ac8820f0;
T_21 ;
    %wait E_00000207ac8c9ee0;
    %load/vec4 v00000207ac93da10_0;
    %nor/r;
    %flag_set/vec4 8;
    %jmp/0xz  T_21.0, 8;
    %load/vec4 v00000207ac93ddd0_0;
    %dup/vec4;
    %pushi/vec4 2, 0, 2;
    %cmp/u;
    %jmp/1 T_21.2, 6;
    %dup/vec4;
    %pushi/vec4 3, 0, 2;
    %cmp/u;
    %jmp/1 T_21.3, 6;
    %jmp T_21.4;
T_21.2 ;
    %load/vec4 v00000207ac93d150_0;
    %cmpi/u 48, 0, 7;
    %flag_or 5, 4; GT is !LE
    %flag_inv 5;
    %jmp/0xz  T_21.5, 5;
    %vpi_call 9 72 "$display", &PV<v00000207ac93cb10_0, 15, 1> {0 0 0};
    %load/vec4 v00000207ac93cb10_0;
    %parti/s 1, 15, 5;
    %assign/vec4 v00000207ac93ced0_0, 0;
    %load/vec4 v00000207ac93cb10_0;
    %ix/load 4, 1, 0;
    %flag_set/imm 4, 0;
    %shiftl 4;
    %assign/vec4 v00000207ac93cb10_0, 0;
    %load/vec4 v00000207ac93d150_0;
    %subi 1, 0, 7;
    %assign/vec4 v00000207ac93d150_0, 0;
    %jmp T_21.6;
T_21.5 ;
    %load/vec4 v00000207ac93d150_0;
    %pad/u 32;
    %cmpi/u 0, 0, 32;
    %flag_or 5, 4; GT is !LE
    %flag_inv 5;
    %jmp/0xz  T_21.7, 5;
    %load/vec4 v00000207ac93d5b0_0;
    %parti/s 1, 47, 7;
    %assign/vec4 v00000207ac93ced0_0, 0;
    %vpi_call 9 79 "$display", &PV<v00000207ac93d5b0_0, 47, 1> {0 0 0};
    %load/vec4 v00000207ac93d5b0_0;
    %ix/load 4, 1, 0;
    %flag_set/imm 4, 0;
    %shiftl 4;
    %assign/vec4 v00000207ac93d5b0_0, 0;
    %load/vec4 v00000207ac93d150_0;
    %subi 1, 0, 7;
    %assign/vec4 v00000207ac93d150_0, 0;
    %jmp T_21.8;
T_21.7 ;
    %load/vec4 v00000207ac93d150_0;
    %pad/u 32;
    %cmpi/e 0, 0, 32;
    %jmp/0xz  T_21.9, 4;
    %pushi/vec4 0, 0, 2;
    %assign/vec4 v00000207ac93ddd0_0, 0;
T_21.9 ;
T_21.8 ;
T_21.6 ;
    %jmp T_21.4;
T_21.3 ;
    %pushi/vec4 64, 0, 7;
    %assign/vec4 v00000207ac93d150_0, 0;
    %pushi/vec4 0, 0, 1;
    %assign/vec4 v00000207ac93ced0_0, 0;
    %pushi/vec4 2, 0, 2;
    %assign/vec4 v00000207ac93ddd0_0, 0;
    %jmp T_21.4;
T_21.4 ;
    %pop/vec4 1;
T_21.0 ;
    %jmp T_21;
    .thread T_21;
    .scope S_00000207ac89cb00;
T_22 ;
    %pushi/vec4 0, 0, 1;
    %store/vec4 v00000207ac93dd30_0, 0, 1;
    %end;
    .thread T_22;
    .scope S_00000207ac89cb00;
T_23 ;
    %vpi_call 3 15 "$dumpfile", "testbench.vcd" {0 0 0};
    %vpi_call 3 16 "$dumpvars", 32'sb00000000000000000000000000000001, S_00000207ac89cb00 {0 0 0};
    %vpi_call 3 17 "$dumpvars", 32'sb00000000000000000000000000000010, S_00000207ac89cc90 {0 0 0};
    %pushi/vec4 1, 0, 1;
    %store/vec4 v00000207ac93dd30_0, 0, 1;
    %delay 4340000, 0;
    %pushi/vec4 0, 0, 1;
    %store/vec4 v00000207ac93dd30_0, 0, 1;
    %delay 4340000, 0;
    %delay 180130816, 4;
    %vpi_call 3 23 "$finish", 32'sb00000000000000000000000000000001 {0 0 0};
    %end;
    .thread T_23;
# The file index is used to find the file name in the following table.
:file_names 10;
    "N/A";
    "<interactive>";
    "./timer.v";
    "testbench.v";
    "./topModule.v";
    "./newdx.v";
    "./DIV.v";
    "./newrdx.v";
    "./shift.v";
    "./txd.v";
